2025-04-28 23:40:31,837 [ERROR] Error processing frame: keys must be str, int, float, bool or None, not numpy.int32
Traceback (most recent call last):
  File "C:\Users\SATYAKI\Documents\Python Projects\Dash_api\modelServer\home.py", line 44, in process_frame
    processed_frame = await loop.run_in_executor(
  File "C:\Users\SATYAKI\AppData\Local\Programs\Python\Python310\lib\concurrent\futures\thread.py", line 58, in run
    result = self.fn(*self.args, **self.kwargs)
  File "C:\Users\SATYAKI\Documents\Python Projects\Dash_api\modelServer\processor.py", line 91, in process_frame_from_api
    return processor.process_frame(frame)
  File "C:\Users\SATYAKI\Documents\Python Projects\Dash_api\modelServer\processor.py", line 86, in process_frame
    return self.object_detection(frame)
  File "C:\Users\SATYAKI\Documents\Python Projects\Dash_api\modelServer\processor.py", line 78, in object_detection
    jsonString = json.dumps(temp_dict)
  File "C:\Users\SATYAKI\AppData\Local\Programs\Python\Python310\lib\json\__init__.py", line 231, in dumps
    return _default_encoder.encode(obj)
  File "C:\Users\SATYAKI\AppData\Local\Programs\Python\Python310\lib\json\encoder.py", line 199, in encode
    chunks = self.iterencode(o, _one_shot=True)
  File "C:\Users\SATYAKI\AppData\Local\Programs\Python\Python310\lib\json\encoder.py", line 257, in iterencode
    return _iterencode(o, 0)
TypeError: keys must be str, int, float, bool or None, not numpy.int32
2025-04-28 23:41:21,878 [ERROR] Error processing frame: keys must be str, int, float, bool or None, not numpy.int32
Traceback (most recent call last):
  File "C:\Users\SATYAKI\Documents\Python Projects\Dash_api\modelServer\home.py", line 44, in process_frame
    processed_frame = await loop.run_in_executor(
  File "C:\Users\SATYAKI\AppData\Local\Programs\Python\Python310\lib\concurrent\futures\thread.py", line 58, in run
    result = self.fn(*self.args, **self.kwargs)
  File "C:\Users\SATYAKI\Documents\Python Projects\Dash_api\modelServer\processor.py", line 91, in process_frame_from_api
    return processor.process_frame(frame)
  File "C:\Users\SATYAKI\Documents\Python Projects\Dash_api\modelServer\processor.py", line 86, in process_frame
    return self.object_detection(frame)
  File "C:\Users\SATYAKI\Documents\Python Projects\Dash_api\modelServer\processor.py", line 78, in object_detection
    jsonString = json.dumps(temp_dict)
  File "C:\Users\SATYAKI\AppData\Local\Programs\Python\Python310\lib\json\__init__.py", line 231, in dumps
    return _default_encoder.encode(obj)
  File "C:\Users\SATYAKI\AppData\Local\Programs\Python\Python310\lib\json\encoder.py", line 199, in encode
    chunks = self.iterencode(o, _one_shot=True)
  File "C:\Users\SATYAKI\AppData\Local\Programs\Python\Python310\lib\json\encoder.py", line 257, in iterencode
    return _iterencode(o, 0)
TypeError: keys must be str, int, float, bool or None, not numpy.int32
2025-04-28 23:44:04,436 [ERROR] Error processing frame: Object of type float32 is not JSON serializable
Traceback (most recent call last):
  File "C:\Users\SATYAKI\Documents\Python Projects\Dash_api\modelServer\home.py", line 44, in process_frame
    processed_frame = await loop.run_in_executor(
  File "C:\Users\SATYAKI\AppData\Local\Programs\Python\Python310\lib\concurrent\futures\thread.py", line 58, in run
    result = self.fn(*self.args, **self.kwargs)
  File "C:\Users\SATYAKI\Documents\Python Projects\Dash_api\modelServer\processor.py", line 91, in process_frame_from_api
    def process_frame_from_api(frame, model_path: str):
  File "C:\Users\SATYAKI\Documents\Python Projects\Dash_api\modelServer\processor.py", line 86, in process_frame
  File "C:\Users\SATYAKI\Documents\Python Projects\Dash_api\modelServer\processor.py", line 78, in object_detection
  File "C:\Users\SATYAKI\AppData\Local\Programs\Python\Python310\lib\json\__init__.py", line 231, in dumps
    return _default_encoder.encode(obj)
  File "C:\Users\SATYAKI\AppData\Local\Programs\Python\Python310\lib\json\encoder.py", line 199, in encode
    chunks = self.iterencode(o, _one_shot=True)
  File "C:\Users\SATYAKI\AppData\Local\Programs\Python\Python310\lib\json\encoder.py", line 257, in iterencode
    return _iterencode(o, 0)
  File "C:\Users\SATYAKI\AppData\Local\Programs\Python\Python310\lib\json\encoder.py", line 179, in default
    raise TypeError(f'Object of type {o.__class__.__name__} '
TypeError: Object of type float32 is not JSON serializable
2025-04-28 23:46:06,314 [ERROR] Error processing frame: Object of type float32 is not JSON serializable
Traceback (most recent call last):
  File "C:\Users\SATYAKI\Documents\Python Projects\Dash_api\modelServer\home.py", line 44, in process_frame
    processed_frame = await loop.run_in_executor(
  File "C:\Users\SATYAKI\AppData\Local\Programs\Python\Python310\lib\concurrent\futures\thread.py", line 58, in run
    result = self.fn(*self.args, **self.kwargs)
  File "C:\Users\SATYAKI\Documents\Python Projects\Dash_api\modelServer\processor.py", line 93, in process_frame_from_api
    return processor.process_frame(frame)
  File "C:\Users\SATYAKI\Documents\Python Projects\Dash_api\modelServer\processor.py", line 88, in process_frame
    return self.object_detection(frame)
  File "C:\Users\SATYAKI\Documents\Python Projects\Dash_api\modelServer\processor.py", line 80, in object_detection
    jsonString = json.dumps(temp_dict)
  File "C:\Users\SATYAKI\AppData\Local\Programs\Python\Python310\lib\json\__init__.py", line 231, in dumps
    return _default_encoder.encode(obj)
  File "C:\Users\SATYAKI\AppData\Local\Programs\Python\Python310\lib\json\encoder.py", line 199, in encode
    chunks = self.iterencode(o, _one_shot=True)
  File "C:\Users\SATYAKI\AppData\Local\Programs\Python\Python310\lib\json\encoder.py", line 257, in iterencode
    return _iterencode(o, 0)
  File "C:\Users\SATYAKI\AppData\Local\Programs\Python\Python310\lib\json\encoder.py", line 179, in default
    raise TypeError(f'Object of type {o.__class__.__name__} '
TypeError: Object of type float32 is not JSON serializable
2025-05-04 23:31:12,420 [ERROR] Error processing frame: There is at least 1 reference to internal data
      in the interpreter in the form of a numpy array or slice. Be sure to
      only hold the function returned from tensor() if you are using raw
      data access.
Traceback (most recent call last):
  File "C:\Users\SATYAKI\Documents\Python Projects\Dash_api\modelServer\home.py", line 51, in process_frame
    processed_frame = await loop.run_in_executor(
  File "C:\Users\SATYAKI\AppData\Local\Programs\Python\Python310\lib\concurrent\futures\thread.py", line 58, in run
    result = self.fn(*self.args, **self.kwargs)
  File "C:\Users\SATYAKI\Documents\Python Projects\Dash_api\modelServer\processor.py", line 102, in process_frame_from_api
    return processor.process_frame(frame)
  File "C:\Users\SATYAKI\Documents\Python Projects\Dash_api\modelServer\processor.py", line 95, in process_frame
    return self.object_detection(frame)
  File "C:\Users\SATYAKI\Documents\Python Projects\Dash_api\modelServer\processor.py", line 45, in object_detection
    self.interpreter.invoke()
  File "C:\Users\SATYAKI\Documents\Python Projects\Dash_api\modelServer\.venv\lib\site-packages\tensorflow\lite\python\interpreter.py", line 984, in invoke
    self._ensure_safe()
  File "C:\Users\SATYAKI\Documents\Python Projects\Dash_api\modelServer\.venv\lib\site-packages\tensorflow\lite\python\interpreter.py", line 579, in _ensure_safe
    raise RuntimeError("""There is at least 1 reference to internal data
RuntimeError: There is at least 1 reference to internal data
      in the interpreter in the form of a numpy array or slice. Be sure to
      only hold the function returned from tensor() if you are using raw
      data access.
2025-05-04 23:31:12,768 [ERROR] Error processing frame: There is at least 1 reference to internal data
      in the interpreter in the form of a numpy array or slice. Be sure to
      only hold the function returned from tensor() if you are using raw
      data access.
Traceback (most recent call last):
  File "C:\Users\SATYAKI\Documents\Python Projects\Dash_api\modelServer\home.py", line 51, in process_frame
    processed_frame = await loop.run_in_executor(
  File "C:\Users\SATYAKI\AppData\Local\Programs\Python\Python310\lib\concurrent\futures\thread.py", line 58, in run
    result = self.fn(*self.args, **self.kwargs)
  File "C:\Users\SATYAKI\Documents\Python Projects\Dash_api\modelServer\processor.py", line 102, in process_frame_from_api
    return processor.process_frame(frame)
  File "C:\Users\SATYAKI\Documents\Python Projects\Dash_api\modelServer\processor.py", line 95, in process_frame
    return self.object_detection(frame)
  File "C:\Users\SATYAKI\Documents\Python Projects\Dash_api\modelServer\processor.py", line 45, in object_detection
    self.interpreter.invoke()
  File "C:\Users\SATYAKI\Documents\Python Projects\Dash_api\modelServer\.venv\lib\site-packages\tensorflow\lite\python\interpreter.py", line 984, in invoke
    self._ensure_safe()
  File "C:\Users\SATYAKI\Documents\Python Projects\Dash_api\modelServer\.venv\lib\site-packages\tensorflow\lite\python\interpreter.py", line 579, in _ensure_safe
    raise RuntimeError("""There is at least 1 reference to internal data
RuntimeError: There is at least 1 reference to internal data
      in the interpreter in the form of a numpy array or slice. Be sure to
      only hold the function returned from tensor() if you are using raw
      data access.
2025-05-04 23:31:13,569 [ERROR] Error processing frame: There is at least 1 reference to internal data
      in the interpreter in the form of a numpy array or slice. Be sure to
      only hold the function returned from tensor() if you are using raw
      data access.
Traceback (most recent call last):
  File "C:\Users\SATYAKI\Documents\Python Projects\Dash_api\modelServer\home.py", line 51, in process_frame
    processed_frame = await loop.run_in_executor(
  File "C:\Users\SATYAKI\AppData\Local\Programs\Python\Python310\lib\concurrent\futures\thread.py", line 58, in run
    result = self.fn(*self.args, **self.kwargs)
  File "C:\Users\SATYAKI\Documents\Python Projects\Dash_api\modelServer\processor.py", line 102, in process_frame_from_api
    return processor.process_frame(frame)
  File "C:\Users\SATYAKI\Documents\Python Projects\Dash_api\modelServer\processor.py", line 95, in process_frame
    return self.object_detection(frame)
  File "C:\Users\SATYAKI\Documents\Python Projects\Dash_api\modelServer\processor.py", line 45, in object_detection
    self.interpreter.invoke()
  File "C:\Users\SATYAKI\Documents\Python Projects\Dash_api\modelServer\.venv\lib\site-packages\tensorflow\lite\python\interpreter.py", line 984, in invoke
    self._ensure_safe()
  File "C:\Users\SATYAKI\Documents\Python Projects\Dash_api\modelServer\.venv\lib\site-packages\tensorflow\lite\python\interpreter.py", line 579, in _ensure_safe
    raise RuntimeError("""There is at least 1 reference to internal data
RuntimeError: There is at least 1 reference to internal data
      in the interpreter in the form of a numpy array or slice. Be sure to
      only hold the function returned from tensor() if you are using raw
      data access.
2025-05-04 23:31:13,920 [ERROR] Error processing frame: There is at least 1 reference to internal data
      in the interpreter in the form of a numpy array or slice. Be sure to
      only hold the function returned from tensor() if you are using raw
      data access.
Traceback (most recent call last):
  File "C:\Users\SATYAKI\Documents\Python Projects\Dash_api\modelServer\home.py", line 51, in process_frame
    processed_frame = await loop.run_in_executor(
  File "C:\Users\SATYAKI\AppData\Local\Programs\Python\Python310\lib\concurrent\futures\thread.py", line 58, in run
    result = self.fn(*self.args, **self.kwargs)
  File "C:\Users\SATYAKI\Documents\Python Projects\Dash_api\modelServer\processor.py", line 102, in process_frame_from_api
    return processor.process_frame(frame)
  File "C:\Users\SATYAKI\Documents\Python Projects\Dash_api\modelServer\processor.py", line 95, in process_frame
    return self.object_detection(frame)
  File "C:\Users\SATYAKI\Documents\Python Projects\Dash_api\modelServer\processor.py", line 45, in object_detection
    self.interpreter.invoke()
  File "C:\Users\SATYAKI\Documents\Python Projects\Dash_api\modelServer\.venv\lib\site-packages\tensorflow\lite\python\interpreter.py", line 984, in invoke
    self._ensure_safe()
  File "C:\Users\SATYAKI\Documents\Python Projects\Dash_api\modelServer\.venv\lib\site-packages\tensorflow\lite\python\interpreter.py", line 579, in _ensure_safe
    raise RuntimeError("""There is at least 1 reference to internal data
RuntimeError: There is at least 1 reference to internal data
      in the interpreter in the form of a numpy array or slice. Be sure to
      only hold the function returned from tensor() if you are using raw
      data access.
